// Jest Snapshot v1, https://goo.gl/fbAQLP

exports[`ListBooks when component renders is empty list books 1`] = `
<div
  className="bookshelf"
>
  <h2
    className="bookshelf-title"
  >
    Test
  </h2>
  <div
    className="bookshelf-books"
  >
    <ol
      className="books-grid"
    />
  </div>
</div>
`;

exports[`ListBooks when component renders is valid list books 1`] = `
<div
  className="bookshelf"
>
  <h2
    className="bookshelf-title"
  >
    Test
  </h2>
  <div
    className="bookshelf-books"
  >
    <ol
      className="books-grid"
    >
      <li>
        <div
          className="book"
        >
          <div
            className="book-top"
          >
            <div
              className="book-cover"
              style={
                Object {
                  "backgroundImage": "url(\\"http://books.google.com/books/content?id=nggnmAEACAAJ&printsec=frontcover&img=1&zoom=1&source=gbs_api\\")",
                  "height": 193,
                  "width": 128,
                }
              }
            />
            <div
              className="book-shelf-changer"
            >
              <select
                onChange={[Function]}
                value="currentlyReading"
              >
                <option
                  disabled={true}
                  value="move"
                >
                  Move to...
                </option>
                <option
                  defaultValue={true}
                  value="currentlyReading"
                >
                  Currently Reading
                </option>
                <option
                  defaultValue={false}
                  value="wantToRead"
                >
                  Want to Read
                </option>
                <option
                  defaultValue={false}
                  value="read"
                >
                  Read
                </option>
                <option
                  defaultValue={false}
                  value="none"
                >
                  None
                </option>
              </select>
            </div>
          </div>
          <div
            className="book-title"
          >
            The Linux Command Line
          </div>
          <div
            className="book-authors"
          >
            William E. Shotts, Jr.
          </div>
        </div>
      </li>
      <li>
        <div
          className="book"
        >
          <div
            className="book-top"
          >
            <div
              className="book-shelf-changer"
            >
              <select
                onChange={[Function]}
                value="currentlyReading"
              >
                <option
                  disabled={true}
                  value="move"
                >
                  Move to...
                </option>
                <option
                  defaultValue={true}
                  value="currentlyReading"
                >
                  Currently Reading
                </option>
                <option
                  defaultValue={false}
                  value="wantToRead"
                >
                  Want to Read
                </option>
                <option
                  defaultValue={false}
                  value="read"
                >
                  Read
                </option>
                <option
                  defaultValue={false}
                  value="none"
                >
                  None
                </option>
              </select>
            </div>
          </div>
          <div
            className="book-title"
          >
            The Linux
          </div>
          <div
            className="book-authors"
          >
            Shotts Jr.
          </div>
        </div>
      </li>
    </ol>
  </div>
</div>
`;
